MPLINK 4.49, Linker
Linker Map File - Created Sat Nov 04 16:20:01 2017

                                 Section Info
                  Section       Type    Address   Location Size(Bytes)
                ---------  ---------  ---------  ---------  ---------
                   .org_0       code   0x000000    program   0x000000
                   .org_1       code   0x000000    program   0x000002
                   .org_2       code   0x000004    program   0x000042
     .config_2007_SLEEP.O       code   0x002007    program   0x000002



                              Program Memory Usage 
                               Start         End      
                           ---------   ---------      
                            0x000000    0x000000      
                            0x000004    0x000024      
                            0x002007    0x002007      
            35 out of 1158 program addresses used, program memory utilization is 3%



                              Symbols - Sorted by Name
                     Name    Address   Location    Storage File                     
                ---------  ---------  ---------  --------- ---------                
                   INICIO   0x000014    program     static C:\Users\LuizH\Documents\uC\Sleep.ASM
                     MAIN   0x000024    program     static C:\Users\LuizH\Documents\uC\Sleep.ASM
                  SAI_INT   0x00000a    program     static C:\Users\LuizH\Documents\uC\Sleep.ASM
                   TIMER1   0x00000f    program     static C:\Users\LuizH\Documents\uC\Sleep.ASM



                              Symbols - Sorted by Address
                     Name    Address   Location    Storage File                     
                ---------  ---------  ---------  --------- ---------                
                  SAI_INT   0x00000a    program     static C:\Users\LuizH\Documents\uC\Sleep.ASM
                   TIMER1   0x00000f    program     static C:\Users\LuizH\Documents\uC\Sleep.ASM
                   INICIO   0x000014    program     static C:\Users\LuizH\Documents\uC\Sleep.ASM
                     MAIN   0x000024    program     static C:\Users\LuizH\Documents\uC\Sleep.ASM


