MPLINK 4.49, Linker
Linker Map File - Created Thu Aug 03 09:39:15 2017

                                 Section Info
                  Section       Type    Address   Location Size(Bytes)
                ---------  ---------  ---------  ---------  ---------
                   .org_0       code   0x000000    program   0x000000
                   .org_1       code   0x000000    program   0x000002
                   .org_2       code   0x000004    program   0x00004a
.config_2007_DELAY_11228377.O       code   0x002007    program   0x000002



                              Program Memory Usage 
                               Start         End      
                           ---------   ---------      
                            0x000000    0x000000      
                            0x000004    0x000028      
                            0x002007    0x002007      
            39 out of 1158 program addresses used, program memory utilization is 3%



                              Symbols - Sorted by Name
                     Name    Address   Location    Storage File                     
                ---------  ---------  ---------  --------- ---------                
                    DEC_X   0x00000d    program     static C:\Users\LuizH\Documents\uC\Delay_11228377.ASM
                    DEC_Y   0x00001e    program     static C:\Users\LuizH\Documents\uC\Delay_11228377.ASM
                   INICIO   0x000010    program     static C:\Users\LuizH\Documents\uC\Delay_11228377.ASM
                     MAIN   0x00001c    program     static C:\Users\LuizH\Documents\uC\Delay_11228377.ASM
                  SAI_INT   0x000007    program     static C:\Users\LuizH\Documents\uC\Delay_11228377.ASM
               SUBROTINA1   0x00000c    program     static C:\Users\LuizH\Documents\uC\Delay_11228377.ASM
                    S_OFF   0x000027    program     static C:\Users\LuizH\Documents\uC\Delay_11228377.ASM



                              Symbols - Sorted by Address
                     Name    Address   Location    Storage File                     
                ---------  ---------  ---------  --------- ---------                
                  SAI_INT   0x000007    program     static C:\Users\LuizH\Documents\uC\Delay_11228377.ASM
               SUBROTINA1   0x00000c    program     static C:\Users\LuizH\Documents\uC\Delay_11228377.ASM
                    DEC_X   0x00000d    program     static C:\Users\LuizH\Documents\uC\Delay_11228377.ASM
                   INICIO   0x000010    program     static C:\Users\LuizH\Documents\uC\Delay_11228377.ASM
                     MAIN   0x00001c    program     static C:\Users\LuizH\Documents\uC\Delay_11228377.ASM
                    DEC_Y   0x00001e    program     static C:\Users\LuizH\Documents\uC\Delay_11228377.ASM
                    S_OFF   0x000027    program     static C:\Users\LuizH\Documents\uC\Delay_11228377.ASM


