MPLINK 4.49, Linker
Linker Map File - Created Thu Aug 10 19:39:08 2017

                                 Section Info
                  Section       Type    Address   Location Size(Bytes)
                ---------  ---------  ---------  ---------  ---------
                   .org_0       code   0x000000    program   0x000000
                   .org_1       code   0x000000    program   0x000002
                   .org_2       code   0x000004    program   0x0000a4
  .config_2007_SEMAFORO.O       code   0x002007    program   0x000002



                              Program Memory Usage 
                               Start         End      
                           ---------   ---------      
                            0x000000    0x000000      
                            0x000004    0x000055      
                            0x002007    0x002007      
            84 out of 1158 program addresses used, program memory utilization is 7%



                              Symbols - Sorted by Name
                     Name    Address   Location    Storage File                     
                ---------  ---------  ---------  --------- ---------                
            CHANGE_LIGHTS   0x000029    program     static C:\Users\LuizH\Documents\uC\semaforo.ASM
                   INICIO   0x00002e    program     static C:\Users\LuizH\Documents\uC\semaforo.ASM
             LIMPA_T0FLAG   0x00000c    program     static C:\Users\LuizH\Documents\uC\semaforo.ASM
                     MAIN   0x00003b    program     static C:\Users\LuizH\Documents\uC\semaforo.ASM
                  SAI_INT   0x000007    program     static C:\Users\LuizH\Documents\uC\semaforo.ASM
               SET_LIGTHS   0x000014    program     static C:\Users\LuizH\Documents\uC\semaforo.ASM
            SET_PRESCALER   0x00000f    program     static C:\Users\LuizH\Documents\uC\semaforo.ASM
                 WAIT2SEC   0x000019    program     static C:\Users\LuizH\Documents\uC\semaforo.ASM
                WAITHALFS   0x000021    program     static C:\Users\LuizH\Documents\uC\semaforo.ASM
                        X   0x000000    program     static C:\Users\LuizH\Documents\uC\semaforo.ASM



                              Symbols - Sorted by Address
                     Name    Address   Location    Storage File                     
                ---------  ---------  ---------  --------- ---------                
                        X   0x000000    program     static C:\Users\LuizH\Documents\uC\semaforo.ASM
                  SAI_INT   0x000007    program     static C:\Users\LuizH\Documents\uC\semaforo.ASM
             LIMPA_T0FLAG   0x00000c    program     static C:\Users\LuizH\Documents\uC\semaforo.ASM
            SET_PRESCALER   0x00000f    program     static C:\Users\LuizH\Documents\uC\semaforo.ASM
               SET_LIGTHS   0x000014    program     static C:\Users\LuizH\Documents\uC\semaforo.ASM
                 WAIT2SEC   0x000019    program     static C:\Users\LuizH\Documents\uC\semaforo.ASM
                WAITHALFS   0x000021    program     static C:\Users\LuizH\Documents\uC\semaforo.ASM
            CHANGE_LIGHTS   0x000029    program     static C:\Users\LuizH\Documents\uC\semaforo.ASM
                   INICIO   0x00002e    program     static C:\Users\LuizH\Documents\uC\semaforo.ASM
                     MAIN   0x00003b    program     static C:\Users\LuizH\Documents\uC\semaforo.ASM


