MPLINK 4.49, Linker
Linker Map File - Created Fri Aug 25 11:11:22 2017

                                 Section Info
                  Section       Type    Address   Location Size(Bytes)
                ---------  ---------  ---------  ---------  ---------
                   .org_0       code   0x000000    program   0x000000
                   .org_1       code   0x000000    program   0x000002
                   .org_2       code   0x000004    program   0x00007e
     .config_2007_TUNER.O       code   0x002007    program   0x000002



                              Program Memory Usage 
                               Start         End      
                           ---------   ---------      
                            0x000000    0x000000      
                            0x000004    0x000042      
                            0x002007    0x002007      
            65 out of 1158 program addresses used, program memory utilization is 5%



                              Symbols - Sorted by Name
                     Name    Address   Location    Storage File                     
                ---------  ---------  ---------  --------- ---------                
            B1_DESATIVADO   0x000014    program     static C:\Users\LuizH\Documents\uC\Tuner.ASM
                   INICIO   0x000033    program     static C:\Users\LuizH\Documents\uC\Tuner.ASM
                     MAIN   0x000042    program     static C:\Users\LuizH\Documents\uC\Tuner.ASM
                 ON_FREQ1   0x000017    program     static C:\Users\LuizH\Documents\uC\Tuner.ASM
                 ON_FREQ2   0x00001a    program     static C:\Users\LuizH\Documents\uC\Tuner.ASM
                 ON_FREQ3   0x00001d    program     static C:\Users\LuizH\Documents\uC\Tuner.ASM
                 ON_FREQ4   0x000020    program     static C:\Users\LuizH\Documents\uC\Tuner.ASM
                POWER_OFF   0x000011    program     static C:\Users\LuizH\Documents\uC\Tuner.ASM
              RESET_TIMER   0x000023    program     static C:\Users\LuizH\Documents\uC\Tuner.ASM
                  SAI_INT   0x00002e    program     static C:\Users\LuizH\Documents\uC\Tuner.ASM
                    S_OFF   0x00002c    program     static C:\Users\LuizH\Documents\uC\Tuner.ASM



                              Symbols - Sorted by Address
                     Name    Address   Location    Storage File                     
                ---------  ---------  ---------  --------- ---------                
                POWER_OFF   0x000011    program     static C:\Users\LuizH\Documents\uC\Tuner.ASM
            B1_DESATIVADO   0x000014    program     static C:\Users\LuizH\Documents\uC\Tuner.ASM
                 ON_FREQ1   0x000017    program     static C:\Users\LuizH\Documents\uC\Tuner.ASM
                 ON_FREQ2   0x00001a    program     static C:\Users\LuizH\Documents\uC\Tuner.ASM
                 ON_FREQ3   0x00001d    program     static C:\Users\LuizH\Documents\uC\Tuner.ASM
                 ON_FREQ4   0x000020    program     static C:\Users\LuizH\Documents\uC\Tuner.ASM
              RESET_TIMER   0x000023    program     static C:\Users\LuizH\Documents\uC\Tuner.ASM
                    S_OFF   0x00002c    program     static C:\Users\LuizH\Documents\uC\Tuner.ASM
                  SAI_INT   0x00002e    program     static C:\Users\LuizH\Documents\uC\Tuner.ASM
                   INICIO   0x000033    program     static C:\Users\LuizH\Documents\uC\Tuner.ASM
                     MAIN   0x000042    program     static C:\Users\LuizH\Documents\uC\Tuner.ASM


