MPLINK 4.49, Linker
Linker Map File - Created Thu Sep 07 12:42:21 2017

                                 Section Info
                  Section       Type    Address   Location Size(Bytes)
                ---------  ---------  ---------  ---------  ---------
                   .org_0       code   0x000000    program   0x000000
                   .org_1       code   0x000000    program   0x000002
                   .org_2       code   0x000004    program   0x000146
       .config_2007_LCD.O       code   0x002007    program   0x000002



                              Program Memory Usage 
                               Start         End      
                           ---------   ---------      
                            0x000000    0x000000      
                            0x000004    0x0000a6      
                            0x002007    0x002007      
            165 out of 1158 program addresses used, program memory utilization is 14%



                              Symbols - Sorted by Name
                     Name    Address   Location    Storage File                     
                ---------  ---------  ---------  --------- ---------                
             CHECK_FINAL0   0x000054    program     static C:\Users\LuizH\Documents\uC\LCD.ASM
             CHECK_FINAL1   0x000067    program     static C:\Users\LuizH\Documents\uC\LCD.ASM
              COUNT_RESET   0x00000f    program     static C:\Users\LuizH\Documents\uC\LCD.ASM
               FINAL_LCD0   0x00005a    program     static C:\Users\LuizH\Documents\uC\LCD.ASM
               FINAL_LCD1   0x00006d    program     static C:\Users\LuizH\Documents\uC\LCD.ASM
                   INICIO   0x00008f    program     static C:\Users\LuizH\Documents\uC\LCD.ASM
             LIMPA_T0FLAG   0x00000c    program     static C:\Users\LuizH\Documents\uC\LCD.ASM
                     MAIN   0x00009c    program     static C:\Users\LuizH\Documents\uC\LCD.ASM
                  SAI_INT   0x000007    program     static C:\Users\LuizH\Documents\uC\LCD.ASM
                SEND_LCD0   0x00004f    program     static C:\Users\LuizH\Documents\uC\LCD.ASM
                SEND_LCD1   0x000062    program     static C:\Users\LuizH\Documents\uC\LCD.ASM
                    SETUP   0x000012    program     static C:\Users\LuizH\Documents\uC\LCD.ASM
                 SR_CLOCK   0x00004c    program     static C:\Users\LuizH\Documents\uC\LCD.ASM
                   SR_SET   0x000057    program     static C:\Users\LuizH\Documents\uC\LCD.ASM
                  SR_SET1   0x00006a    program     static C:\Users\LuizH\Documents\uC\LCD.ASM
                  W_100US   0x00007b    program     static C:\Users\LuizH\Documents\uC\LCD.ASM
                   W_15MS   0x00008a    program     static C:\Users\LuizH\Documents\uC\LCD.ASM
                 W_1800US   0x00007e    program     static C:\Users\LuizH\Documents\uC\LCD.ASM
            W_1800USCHECK   0x000080    program     static C:\Users\LuizH\Documents\uC\LCD.ASM
                W_40CHECK   0x000077    program     static C:\Users\LuizH\Documents\uC\LCD.ASM
                   W_40US   0x000075    program     static C:\Users\LuizH\Documents\uC\LCD.ASM
                    W_4MS   0x000084    program     static C:\Users\LuizH\Documents\uC\LCD.ASM
               W_4MSCHECK   0x000086    program     static C:\Users\LuizH\Documents\uC\LCD.ASM



                              Symbols - Sorted by Address
                     Name    Address   Location    Storage File                     
                ---------  ---------  ---------  --------- ---------                
                  SAI_INT   0x000007    program     static C:\Users\LuizH\Documents\uC\LCD.ASM
             LIMPA_T0FLAG   0x00000c    program     static C:\Users\LuizH\Documents\uC\LCD.ASM
              COUNT_RESET   0x00000f    program     static C:\Users\LuizH\Documents\uC\LCD.ASM
                    SETUP   0x000012    program     static C:\Users\LuizH\Documents\uC\LCD.ASM
                 SR_CLOCK   0x00004c    program     static C:\Users\LuizH\Documents\uC\LCD.ASM
                SEND_LCD0   0x00004f    program     static C:\Users\LuizH\Documents\uC\LCD.ASM
             CHECK_FINAL0   0x000054    program     static C:\Users\LuizH\Documents\uC\LCD.ASM
                   SR_SET   0x000057    program     static C:\Users\LuizH\Documents\uC\LCD.ASM
               FINAL_LCD0   0x00005a    program     static C:\Users\LuizH\Documents\uC\LCD.ASM
                SEND_LCD1   0x000062    program     static C:\Users\LuizH\Documents\uC\LCD.ASM
             CHECK_FINAL1   0x000067    program     static C:\Users\LuizH\Documents\uC\LCD.ASM
                  SR_SET1   0x00006a    program     static C:\Users\LuizH\Documents\uC\LCD.ASM
               FINAL_LCD1   0x00006d    program     static C:\Users\LuizH\Documents\uC\LCD.ASM
                   W_40US   0x000075    program     static C:\Users\LuizH\Documents\uC\LCD.ASM
                W_40CHECK   0x000077    program     static C:\Users\LuizH\Documents\uC\LCD.ASM
                  W_100US   0x00007b    program     static C:\Users\LuizH\Documents\uC\LCD.ASM
                 W_1800US   0x00007e    program     static C:\Users\LuizH\Documents\uC\LCD.ASM
            W_1800USCHECK   0x000080    program     static C:\Users\LuizH\Documents\uC\LCD.ASM
                    W_4MS   0x000084    program     static C:\Users\LuizH\Documents\uC\LCD.ASM
               W_4MSCHECK   0x000086    program     static C:\Users\LuizH\Documents\uC\LCD.ASM
                   W_15MS   0x00008a    program     static C:\Users\LuizH\Documents\uC\LCD.ASM
                   INICIO   0x00008f    program     static C:\Users\LuizH\Documents\uC\LCD.ASM
                     MAIN   0x00009c    program     static C:\Users\LuizH\Documents\uC\LCD.ASM


