MPLINK 4.49, Linker
Linker Map File - Created Tue Aug 08 19:51:01 2017

                                 Section Info
                  Section       Type    Address   Location Size(Bytes)
                ---------  ---------  ---------  ---------  ---------
                   .org_0       code   0x000000    program   0x000000
                   .org_1       code   0x000000    program   0x000002
                   .org_2       code   0x000004    program   0x000054
     .config_2007_TIMER.O       code   0x002007    program   0x000002



                              Program Memory Usage 
                               Start         End      
                           ---------   ---------      
                            0x000000    0x000000      
                            0x000004    0x00002d      
                            0x002007    0x002007      
            44 out of 1158 program addresses used, program memory utilization is 3%



                              Symbols - Sorted by Name
                     Name    Address   Location    Storage File                     
                ---------  ---------  ---------  --------- ---------                
                   INICIO   0x00000d    program     static C:\Users\LuizH\Documents\uC\Timer.ASM
                     MAIN   0x000018    program     static C:\Users\LuizH\Documents\uC\Timer.ASM
                  SAI_INT   0x000007    program     static C:\Users\LuizH\Documents\uC\Timer.ASM
               SUBROTINA1   0x00000c    program     static C:\Users\LuizH\Documents\uC\Timer.ASM
                  TESTE_1   0x000021    program     static C:\Users\LuizH\Documents\uC\Timer.ASM
                  TESTE_2   0x00002b    program     static C:\Users\LuizH\Documents\uC\Timer.ASM



                              Symbols - Sorted by Address
                     Name    Address   Location    Storage File                     
                ---------  ---------  ---------  --------- ---------                
                  SAI_INT   0x000007    program     static C:\Users\LuizH\Documents\uC\Timer.ASM
               SUBROTINA1   0x00000c    program     static C:\Users\LuizH\Documents\uC\Timer.ASM
                   INICIO   0x00000d    program     static C:\Users\LuizH\Documents\uC\Timer.ASM
                     MAIN   0x000018    program     static C:\Users\LuizH\Documents\uC\Timer.ASM
                  TESTE_1   0x000021    program     static C:\Users\LuizH\Documents\uC\Timer.ASM
                  TESTE_2   0x00002b    program     static C:\Users\LuizH\Documents\uC\Timer.ASM


