MPLINK 4.49, Linker
Linker Map File - Created Fri Aug 25 00:41:58 2017

                                 Section Info
                  Section       Type    Address   Location Size(Bytes)
                ---------  ---------  ---------  ---------  ---------
                   .org_0       code   0x000000    program   0x000000
                   .org_1       code   0x000000    program   0x000002
                   .org_2       code   0x000004    program   0x00004e
.config_2007_INTERRUPCAO.O       code   0x002007    program   0x000002



                              Program Memory Usage 
                               Start         End      
                           ---------   ---------      
                            0x000000    0x000000      
                            0x000004    0x00002a      
                            0x002007    0x002007      
            41 out of 1158 program addresses used, program memory utilization is 3%



                              Symbols - Sorted by Name
                     Name    Address   Location    Storage File                     
                ---------  ---------  ---------  --------- ---------                
                   INICIO   0x000013    program     static C:\Users\LuizH\Documents\uC\Interrupcao.ASM
                     MAIN   0x00002a    program     static C:\Users\LuizH\Documents\uC\Interrupcao.ASM
                  SAI_INT   0x00000d    program     static C:\Users\LuizH\Documents\uC\Interrupcao.ASM
               SUBROTINA1   0x000012    program     static C:\Users\LuizH\Documents\uC\Interrupcao.ASM



                              Symbols - Sorted by Address
                     Name    Address   Location    Storage File                     
                ---------  ---------  ---------  --------- ---------                
                  SAI_INT   0x00000d    program     static C:\Users\LuizH\Documents\uC\Interrupcao.ASM
               SUBROTINA1   0x000012    program     static C:\Users\LuizH\Documents\uC\Interrupcao.ASM
                   INICIO   0x000013    program     static C:\Users\LuizH\Documents\uC\Interrupcao.ASM
                     MAIN   0x00002a    program     static C:\Users\LuizH\Documents\uC\Interrupcao.ASM


